// Jest Snapshot v1, https://goo.gl/fbAQLP

exports[`Example <App /> test.  render component. 1`] = `
<div
  className="App"
>
  <Technology
    key="test"
    name="test"
  />
</div>
`;
